Warning: You are sending unauthenticated requests to the HF Hub. Please set a HF_TOKEN to enable higher rate limits and faster downloads.
XLMRobertaForSequenceClassification LOAD REPORT from: xlm-roberta-base
Key                         | Status     | 
----------------------------+------------+-
lm_head.layer_norm.bias     | UNEXPECTED | 
lm_head.layer_norm.weight   | UNEXPECTED | 
lm_head.dense.weight        | UNEXPECTED | 
lm_head.bias                | UNEXPECTED | 
roberta.pooler.dense.weight | UNEXPECTED | 
roberta.pooler.dense.bias   | UNEXPECTED | 
lm_head.dense.bias          | UNEXPECTED | 
classifier.dense.bias       | MISSING    | 
classifier.out_proj.weight  | MISSING    | 
classifier.out_proj.bias    | MISSING    | 
classifier.dense.weight     | MISSING    | 

Notes:
- UNEXPECTED	:can be ignored when loading from different task/architecture; not ok if you expect identical arch.
- MISSING	:those params were newly initialized because missing from the checkpoint. Consider training on your downstream task.
There were missing keys in the checkpoint model loaded: ['roberta.embeddings.LayerNorm.weight', 'roberta.embeddings.LayerNorm.bias', 'roberta.encoder.layer.0.attention.output.LayerNorm.weight', 'roberta.encoder.layer.0.attention.output.LayerNorm.bias', 'roberta.encoder.layer.0.output.LayerNorm.weight', 'roberta.encoder.layer.0.output.LayerNorm.bias', 'roberta.encoder.layer.1.attention.output.LayerNorm.weight', 'roberta.encoder.layer.1.attention.output.LayerNorm.bias', 'roberta.encoder.layer.1.output.LayerNorm.weight', 'roberta.encoder.layer.1.output.LayerNorm.bias', 'roberta.encoder.layer.2.attention.output.LayerNorm.weight', 'roberta.encoder.layer.2.attention.output.LayerNorm.bias', 'roberta.encoder.layer.2.output.LayerNorm.weight', 'roberta.encoder.layer.2.output.LayerNorm.bias', 'roberta.encoder.layer.3.attention.output.LayerNorm.weight', 'roberta.encoder.layer.3.attention.output.LayerNorm.bias', 'roberta.encoder.layer.3.output.LayerNorm.weight', 'roberta.encoder.layer.3.output.LayerNorm.bias', 'roberta.encoder.layer.4.attention.output.LayerNorm.weight', 'roberta.encoder.layer.4.attention.output.LayerNorm.bias', 'roberta.encoder.layer.4.output.LayerNorm.weight', 'roberta.encoder.layer.4.output.LayerNorm.bias', 'roberta.encoder.layer.5.attention.output.LayerNorm.weight', 'roberta.encoder.layer.5.attention.output.LayerNorm.bias', 'roberta.encoder.layer.5.output.LayerNorm.weight', 'roberta.encoder.layer.5.output.LayerNorm.bias', 'roberta.encoder.layer.6.attention.output.LayerNorm.weight', 'roberta.encoder.layer.6.attention.output.LayerNorm.bias', 'roberta.encoder.layer.6.output.LayerNorm.weight', 'roberta.encoder.layer.6.output.LayerNorm.bias', 'roberta.encoder.layer.7.attention.output.LayerNorm.weight', 'roberta.encoder.layer.7.attention.output.LayerNorm.bias', 'roberta.encoder.layer.7.output.LayerNorm.weight', 'roberta.encoder.layer.7.output.LayerNorm.bias', 'roberta.encoder.layer.8.attention.output.LayerNorm.weight', 'roberta.encoder.layer.8.attention.output.LayerNorm.bias', 'roberta.encoder.layer.8.output.LayerNorm.weight', 'roberta.encoder.layer.8.output.LayerNorm.bias', 'roberta.encoder.layer.9.attention.output.LayerNorm.weight', 'roberta.encoder.layer.9.attention.output.LayerNorm.bias', 'roberta.encoder.layer.9.output.LayerNorm.weight', 'roberta.encoder.layer.9.output.LayerNorm.bias', 'roberta.encoder.layer.10.attention.output.LayerNorm.weight', 'roberta.encoder.layer.10.attention.output.LayerNorm.bias', 'roberta.encoder.layer.10.output.LayerNorm.weight', 'roberta.encoder.layer.10.output.LayerNorm.bias', 'roberta.encoder.layer.11.attention.output.LayerNorm.weight', 'roberta.encoder.layer.11.attention.output.LayerNorm.bias', 'roberta.encoder.layer.11.output.LayerNorm.weight', 'roberta.encoder.layer.11.output.LayerNorm.bias'].
There were unexpected keys in the checkpoint model loaded: ['roberta.embeddings.LayerNorm.beta', 'roberta.embeddings.LayerNorm.gamma', 'roberta.encoder.layer.0.attention.output.LayerNorm.beta', 'roberta.encoder.layer.0.attention.output.LayerNorm.gamma', 'roberta.encoder.layer.0.output.LayerNorm.beta', 'roberta.encoder.layer.0.output.LayerNorm.gamma', 'roberta.encoder.layer.1.attention.output.LayerNorm.beta', 'roberta.encoder.layer.1.attention.output.LayerNorm.gamma', 'roberta.encoder.layer.1.output.LayerNorm.beta', 'roberta.encoder.layer.1.output.LayerNorm.gamma', 'roberta.encoder.layer.2.attention.output.LayerNorm.beta', 'roberta.encoder.layer.2.attention.output.LayerNorm.gamma', 'roberta.encoder.layer.2.output.LayerNorm.beta', 'roberta.encoder.layer.2.output.LayerNorm.gamma', 'roberta.encoder.layer.3.attention.output.LayerNorm.beta', 'roberta.encoder.layer.3.attention.output.LayerNorm.gamma', 'roberta.encoder.layer.3.output.LayerNorm.beta', 'roberta.encoder.layer.3.output.LayerNorm.gamma', 'roberta.encoder.layer.4.attention.output.LayerNorm.beta', 'roberta.encoder.layer.4.attention.output.LayerNorm.gamma', 'roberta.encoder.layer.4.output.LayerNorm.beta', 'roberta.encoder.layer.4.output.LayerNorm.gamma', 'roberta.encoder.layer.5.attention.output.LayerNorm.beta', 'roberta.encoder.layer.5.attention.output.LayerNorm.gamma', 'roberta.encoder.layer.5.output.LayerNorm.beta', 'roberta.encoder.layer.5.output.LayerNorm.gamma', 'roberta.encoder.layer.6.attention.output.LayerNorm.beta', 'roberta.encoder.layer.6.attention.output.LayerNorm.gamma', 'roberta.encoder.layer.6.output.LayerNorm.beta', 'roberta.encoder.layer.6.output.LayerNorm.gamma', 'roberta.encoder.layer.7.attention.output.LayerNorm.beta', 'roberta.encoder.layer.7.attention.output.LayerNorm.gamma', 'roberta.encoder.layer.7.output.LayerNorm.beta', 'roberta.encoder.layer.7.output.LayerNorm.gamma', 'roberta.encoder.layer.8.attention.output.LayerNorm.beta', 'roberta.encoder.layer.8.attention.output.LayerNorm.gamma', 'roberta.encoder.layer.8.output.LayerNorm.beta', 'roberta.encoder.layer.8.output.LayerNorm.gamma', 'roberta.encoder.layer.9.attention.output.LayerNorm.beta', 'roberta.encoder.layer.9.attention.output.LayerNorm.gamma', 'roberta.encoder.layer.9.output.LayerNorm.beta', 'roberta.encoder.layer.9.output.LayerNorm.gamma', 'roberta.encoder.layer.10.attention.output.LayerNorm.beta', 'roberta.encoder.layer.10.attention.output.LayerNorm.gamma', 'roberta.encoder.layer.10.output.LayerNorm.beta', 'roberta.encoder.layer.10.output.LayerNorm.gamma', 'roberta.encoder.layer.11.attention.output.LayerNorm.beta', 'roberta.encoder.layer.11.attention.output.LayerNorm.gamma', 'roberta.encoder.layer.11.output.LayerNorm.beta', 'roberta.encoder.layer.11.output.LayerNorm.gamma'].
[data] cached CSV files not found, loading w11wo/twitter_indonesia_sarcastic from HuggingFace
[compat] ignoring unsupported TrainingArguments kwargs: overwrite_output_dir
[run] output_dir=results/optimization/twitter-xlmr-base-lr1e-5-wd001
[run] model_output_dir=models/optimization/twitter-xlmr-base-lr1e-5-wd001
[run] table_path=results/tables/optimization_runs.csv
{'loss': '0.5675', 'grad_norm': '3.296', 'learning_rate': '9.998e-06', 'epoch': '1'}
{'eval_loss': '0.547', 'eval_accuracy': '0.75', 'eval_precision': '0', 'eval_recall': '0', 'eval_f1': '0', 'eval_runtime': '0.5059', 'eval_samples_per_second': '529.8', 'eval_steps_per_second': '9.884', 'epoch': '1'}
{'loss': '0.5115', 'grad_norm': '5.069', 'learning_rate': '9.99e-06', 'epoch': '2'}
{'eval_loss': '0.4786', 'eval_accuracy': '0.7761', 'eval_precision': '0.8889', 'eval_recall': '0.1194', 'eval_f1': '0.2105', 'eval_runtime': '0.4723', 'eval_samples_per_second': '567.5', 'eval_steps_per_second': '10.59', 'epoch': '2'}
{'loss': '0.4747', 'grad_norm': '5.734', 'learning_rate': '9.978e-06', 'epoch': '3'}
{'eval_loss': '0.4613', 'eval_accuracy': '0.791', 'eval_precision': '0.7037', 'eval_recall': '0.2836', 'eval_f1': '0.4043', 'eval_runtime': '0.4672', 'eval_samples_per_second': '573.6', 'eval_steps_per_second': '10.7', 'epoch': '3'}
{'loss': '0.4339', 'grad_norm': '7.781', 'learning_rate': '9.961e-06', 'epoch': '4'}
{'eval_loss': '0.4244', 'eval_accuracy': '0.8097', 'eval_precision': '0.8636', 'eval_recall': '0.2836', 'eval_f1': '0.427', 'eval_runtime': '0.4748', 'eval_samples_per_second': '564.5', 'eval_steps_per_second': '10.53', 'epoch': '4'}
{'loss': '0.3537', 'grad_norm': '20.29', 'learning_rate': '9.939e-06', 'epoch': '5'}
{'eval_loss': '0.384', 'eval_accuracy': '0.8097', 'eval_precision': '0.6053', 'eval_recall': '0.6866', 'eval_f1': '0.6434', 'eval_runtime': '0.4742', 'eval_samples_per_second': '565.1', 'eval_steps_per_second': '10.54', 'epoch': '5'}
{'loss': '0.3077', 'grad_norm': '16.29', 'learning_rate': '9.912e-06', 'epoch': '6'}
{'eval_loss': '0.3522', 'eval_accuracy': '0.8545', 'eval_precision': '0.8333', 'eval_recall': '0.5224', 'eval_f1': '0.6422', 'eval_runtime': '0.5316', 'eval_samples_per_second': '504.1', 'eval_steps_per_second': '9.405', 'epoch': '6'}
{'loss': '0.2405', 'grad_norm': '20.33', 'learning_rate': '9.88e-06', 'epoch': '7'}
{'eval_loss': '0.3479', 'eval_accuracy': '0.8769', 'eval_precision': '0.8148', 'eval_recall': '0.6567', 'eval_f1': '0.7273', 'eval_runtime': '0.4843', 'eval_samples_per_second': '553.4', 'eval_steps_per_second': '10.32', 'epoch': '7'}
{'loss': '0.2034', 'grad_norm': '20.08', 'learning_rate': '9.844e-06', 'epoch': '8'}
{'eval_loss': '0.398', 'eval_accuracy': '0.8582', 'eval_precision': '0.8372', 'eval_recall': '0.5373', 'eval_f1': '0.6545', 'eval_runtime': '0.5056', 'eval_samples_per_second': '530.1', 'eval_steps_per_second': '9.89', 'epoch': '8'}
{'loss': '0.1464', 'grad_norm': '1.867', 'learning_rate': '9.802e-06', 'epoch': '9'}
{'eval_loss': '0.5431', 'eval_accuracy': '0.8545', 'eval_precision': '0.8684', 'eval_recall': '0.4925', 'eval_f1': '0.6286', 'eval_runtime': '0.5219', 'eval_samples_per_second': '513.6', 'eval_steps_per_second': '9.581', 'epoch': '9'}
{'loss': '0.1157', 'grad_norm': '55.67', 'learning_rate': '9.756e-06', 'epoch': '10'}
{'eval_loss': '0.5177', 'eval_accuracy': '0.8694', 'eval_precision': '0.9', 'eval_recall': '0.5373', 'eval_f1': '0.6729', 'eval_runtime': '0.4807', 'eval_samples_per_second': '557.5', 'eval_steps_per_second': '10.4', 'epoch': '10'}
{'train_runtime': '1513', 'train_samples_per_second': '124.1', 'train_steps_per_second': '3.9', 'train_loss': '0.3355', 'epoch': '10'}
{
  "run_id": "twitter-xlmr-base-lr1e-5-wd001",
  "dataset": "twitter",
  "model_alias": "xlmr-base",
  "model_name": "xlm-roberta-base",
  "selected_threshold": 0.41,
  "validation_default_f1": 0.7273,
  "validation_tuned_f1": 0.7419,
  "test_default_accuracy": 0.8699,
  "test_default_precision": 0.7857,
  "test_default_recall": 0.6567,
  "test_default_f1": 0.7154,
  "test_tuned_accuracy": 0.8643,
  "test_tuned_precision": 0.7563,
  "test_tuned_recall": 0.6716,
  "test_tuned_f1": 0.7115,
  "delta_f1": -0.0039,
  "learning_rate": 1e-05,
  "lr_scheduler_type": "cosine",
  "epochs": 100.0,
  "batch_size": 32,
  "eval_batch_size": 64,
  "max_length": 128,
  "weight_decay": 0.01,
  "label_smoothing_factor": 0.0,
  "pad_to_max_length": true,
  "shuffle_train_dataset": true,
  "early_stopping_patience": 3,
  "early_stopping_threshold": 0.01,
  "seed": 42,
  "fp16": true,
  "gradient_accumulation_steps": 1,
  "gradient_checkpointing": false,
  "auto_find_batch_size": false,
  "max_train_samples": null,
  "max_eval_samples": null,
  "max_predict_samples": null,
  "sample_limited": false
}
