Warning: You are sending unauthenticated requests to the HF Hub. Please set a HF_TOKEN to enable higher rate limits and faster downloads.
XLMRobertaForSequenceClassification LOAD REPORT from: xlm-roberta-large
Key                         | Status     | 
----------------------------+------------+-
lm_head.layer_norm.bias     | UNEXPECTED | 
lm_head.bias                | UNEXPECTED | 
lm_head.dense.bias          | UNEXPECTED | 
roberta.pooler.dense.weight | UNEXPECTED | 
lm_head.layer_norm.weight   | UNEXPECTED | 
lm_head.dense.weight        | UNEXPECTED | 
roberta.pooler.dense.bias   | UNEXPECTED | 
classifier.dense.weight     | MISSING    | 
classifier.out_proj.weight  | MISSING    | 
classifier.dense.bias       | MISSING    | 
classifier.out_proj.bias    | MISSING    | 

Notes:
- UNEXPECTED	:can be ignored when loading from different task/architecture; not ok if you expect identical arch.
- MISSING	:those params were newly initialized because missing from the checkpoint. Consider training on your downstream task.
There were missing keys in the checkpoint model loaded: ['roberta.embeddings.LayerNorm.weight', 'roberta.embeddings.LayerNorm.bias', 'roberta.encoder.layer.0.attention.output.LayerNorm.weight', 'roberta.encoder.layer.0.attention.output.LayerNorm.bias', 'roberta.encoder.layer.0.output.LayerNorm.weight', 'roberta.encoder.layer.0.output.LayerNorm.bias', 'roberta.encoder.layer.1.attention.output.LayerNorm.weight', 'roberta.encoder.layer.1.attention.output.LayerNorm.bias', 'roberta.encoder.layer.1.output.LayerNorm.weight', 'roberta.encoder.layer.1.output.LayerNorm.bias', 'roberta.encoder.layer.2.attention.output.LayerNorm.weight', 'roberta.encoder.layer.2.attention.output.LayerNorm.bias', 'roberta.encoder.layer.2.output.LayerNorm.weight', 'roberta.encoder.layer.2.output.LayerNorm.bias', 'roberta.encoder.layer.3.attention.output.LayerNorm.weight', 'roberta.encoder.layer.3.attention.output.LayerNorm.bias', 'roberta.encoder.layer.3.output.LayerNorm.weight', 'roberta.encoder.layer.3.output.LayerNorm.bias', 'roberta.encoder.layer.4.attention.output.LayerNorm.weight', 'roberta.encoder.layer.4.attention.output.LayerNorm.bias', 'roberta.encoder.layer.4.output.LayerNorm.weight', 'roberta.encoder.layer.4.output.LayerNorm.bias', 'roberta.encoder.layer.5.attention.output.LayerNorm.weight', 'roberta.encoder.layer.5.attention.output.LayerNorm.bias', 'roberta.encoder.layer.5.output.LayerNorm.weight', 'roberta.encoder.layer.5.output.LayerNorm.bias', 'roberta.encoder.layer.6.attention.output.LayerNorm.weight', 'roberta.encoder.layer.6.attention.output.LayerNorm.bias', 'roberta.encoder.layer.6.output.LayerNorm.weight', 'roberta.encoder.layer.6.output.LayerNorm.bias', 'roberta.encoder.layer.7.attention.output.LayerNorm.weight', 'roberta.encoder.layer.7.attention.output.LayerNorm.bias', 'roberta.encoder.layer.7.output.LayerNorm.weight', 'roberta.encoder.layer.7.output.LayerNorm.bias', 'roberta.encoder.layer.8.attention.output.LayerNorm.weight', 'roberta.encoder.layer.8.attention.output.LayerNorm.bias', 'roberta.encoder.layer.8.output.LayerNorm.weight', 'roberta.encoder.layer.8.output.LayerNorm.bias', 'roberta.encoder.layer.9.attention.output.LayerNorm.weight', 'roberta.encoder.layer.9.attention.output.LayerNorm.bias', 'roberta.encoder.layer.9.output.LayerNorm.weight', 'roberta.encoder.layer.9.output.LayerNorm.bias', 'roberta.encoder.layer.10.attention.output.LayerNorm.weight', 'roberta.encoder.layer.10.attention.output.LayerNorm.bias', 'roberta.encoder.layer.10.output.LayerNorm.weight', 'roberta.encoder.layer.10.output.LayerNorm.bias', 'roberta.encoder.layer.11.attention.output.LayerNorm.weight', 'roberta.encoder.layer.11.attention.output.LayerNorm.bias', 'roberta.encoder.layer.11.output.LayerNorm.weight', 'roberta.encoder.layer.11.output.LayerNorm.bias', 'roberta.encoder.layer.12.attention.output.LayerNorm.weight', 'roberta.encoder.layer.12.attention.output.LayerNorm.bias', 'roberta.encoder.layer.12.output.LayerNorm.weight', 'roberta.encoder.layer.12.output.LayerNorm.bias', 'roberta.encoder.layer.13.attention.output.LayerNorm.weight', 'roberta.encoder.layer.13.attention.output.LayerNorm.bias', 'roberta.encoder.layer.13.output.LayerNorm.weight', 'roberta.encoder.layer.13.output.LayerNorm.bias', 'roberta.encoder.layer.14.attention.output.LayerNorm.weight', 'roberta.encoder.layer.14.attention.output.LayerNorm.bias', 'roberta.encoder.layer.14.output.LayerNorm.weight', 'roberta.encoder.layer.14.output.LayerNorm.bias', 'roberta.encoder.layer.15.attention.output.LayerNorm.weight', 'roberta.encoder.layer.15.attention.output.LayerNorm.bias', 'roberta.encoder.layer.15.output.LayerNorm.weight', 'roberta.encoder.layer.15.output.LayerNorm.bias', 'roberta.encoder.layer.16.attention.output.LayerNorm.weight', 'roberta.encoder.layer.16.attention.output.LayerNorm.bias', 'roberta.encoder.layer.16.output.LayerNorm.weight', 'roberta.encoder.layer.16.output.LayerNorm.bias', 'roberta.encoder.layer.17.attention.output.LayerNorm.weight', 'roberta.encoder.layer.17.attention.output.LayerNorm.bias', 'roberta.encoder.layer.17.output.LayerNorm.weight', 'roberta.encoder.layer.17.output.LayerNorm.bias', 'roberta.encoder.layer.18.attention.output.LayerNorm.weight', 'roberta.encoder.layer.18.attention.output.LayerNorm.bias', 'roberta.encoder.layer.18.output.LayerNorm.weight', 'roberta.encoder.layer.18.output.LayerNorm.bias', 'roberta.encoder.layer.19.attention.output.LayerNorm.weight', 'roberta.encoder.layer.19.attention.output.LayerNorm.bias', 'roberta.encoder.layer.19.output.LayerNorm.weight', 'roberta.encoder.layer.19.output.LayerNorm.bias', 'roberta.encoder.layer.20.attention.output.LayerNorm.weight', 'roberta.encoder.layer.20.attention.output.LayerNorm.bias', 'roberta.encoder.layer.20.output.LayerNorm.weight', 'roberta.encoder.layer.20.output.LayerNorm.bias', 'roberta.encoder.layer.21.attention.output.LayerNorm.weight', 'roberta.encoder.layer.21.attention.output.LayerNorm.bias', 'roberta.encoder.layer.21.output.LayerNorm.weight', 'roberta.encoder.layer.21.output.LayerNorm.bias', 'roberta.encoder.layer.22.attention.output.LayerNorm.weight', 'roberta.encoder.layer.22.attention.output.LayerNorm.bias', 'roberta.encoder.layer.22.output.LayerNorm.weight', 'roberta.encoder.layer.22.output.LayerNorm.bias', 'roberta.encoder.layer.23.attention.output.LayerNorm.weight', 'roberta.encoder.layer.23.attention.output.LayerNorm.bias', 'roberta.encoder.layer.23.output.LayerNorm.weight', 'roberta.encoder.layer.23.output.LayerNorm.bias'].
There were unexpected keys in the checkpoint model loaded: ['roberta.embeddings.LayerNorm.beta', 'roberta.embeddings.LayerNorm.gamma', 'roberta.encoder.layer.0.attention.output.LayerNorm.beta', 'roberta.encoder.layer.0.attention.output.LayerNorm.gamma', 'roberta.encoder.layer.0.output.LayerNorm.beta', 'roberta.encoder.layer.0.output.LayerNorm.gamma', 'roberta.encoder.layer.1.attention.output.LayerNorm.beta', 'roberta.encoder.layer.1.attention.output.LayerNorm.gamma', 'roberta.encoder.layer.1.output.LayerNorm.beta', 'roberta.encoder.layer.1.output.LayerNorm.gamma', 'roberta.encoder.layer.2.attention.output.LayerNorm.beta', 'roberta.encoder.layer.2.attention.output.LayerNorm.gamma', 'roberta.encoder.layer.2.output.LayerNorm.beta', 'roberta.encoder.layer.2.output.LayerNorm.gamma', 'roberta.encoder.layer.3.attention.output.LayerNorm.beta', 'roberta.encoder.layer.3.attention.output.LayerNorm.gamma', 'roberta.encoder.layer.3.output.LayerNorm.beta', 'roberta.encoder.layer.3.output.LayerNorm.gamma', 'roberta.encoder.layer.4.attention.output.LayerNorm.beta', 'roberta.encoder.layer.4.attention.output.LayerNorm.gamma', 'roberta.encoder.layer.4.output.LayerNorm.beta', 'roberta.encoder.layer.4.output.LayerNorm.gamma', 'roberta.encoder.layer.5.attention.output.LayerNorm.beta', 'roberta.encoder.layer.5.attention.output.LayerNorm.gamma', 'roberta.encoder.layer.5.output.LayerNorm.beta', 'roberta.encoder.layer.5.output.LayerNorm.gamma', 'roberta.encoder.layer.6.attention.output.LayerNorm.beta', 'roberta.encoder.layer.6.attention.output.LayerNorm.gamma', 'roberta.encoder.layer.6.output.LayerNorm.beta', 'roberta.encoder.layer.6.output.LayerNorm.gamma', 'roberta.encoder.layer.7.attention.output.LayerNorm.beta', 'roberta.encoder.layer.7.attention.output.LayerNorm.gamma', 'roberta.encoder.layer.7.output.LayerNorm.beta', 'roberta.encoder.layer.7.output.LayerNorm.gamma', 'roberta.encoder.layer.8.attention.output.LayerNorm.beta', 'roberta.encoder.layer.8.attention.output.LayerNorm.gamma', 'roberta.encoder.layer.8.output.LayerNorm.beta', 'roberta.encoder.layer.8.output.LayerNorm.gamma', 'roberta.encoder.layer.9.attention.output.LayerNorm.beta', 'roberta.encoder.layer.9.attention.output.LayerNorm.gamma', 'roberta.encoder.layer.9.output.LayerNorm.beta', 'roberta.encoder.layer.9.output.LayerNorm.gamma', 'roberta.encoder.layer.10.attention.output.LayerNorm.beta', 'roberta.encoder.layer.10.attention.output.LayerNorm.gamma', 'roberta.encoder.layer.10.output.LayerNorm.beta', 'roberta.encoder.layer.10.output.LayerNorm.gamma', 'roberta.encoder.layer.11.attention.output.LayerNorm.beta', 'roberta.encoder.layer.11.attention.output.LayerNorm.gamma', 'roberta.encoder.layer.11.output.LayerNorm.beta', 'roberta.encoder.layer.11.output.LayerNorm.gamma', 'roberta.encoder.layer.12.attention.output.LayerNorm.beta', 'roberta.encoder.layer.12.attention.output.LayerNorm.gamma', 'roberta.encoder.layer.12.output.LayerNorm.beta', 'roberta.encoder.layer.12.output.LayerNorm.gamma', 'roberta.encoder.layer.13.attention.output.LayerNorm.beta', 'roberta.encoder.layer.13.attention.output.LayerNorm.gamma', 'roberta.encoder.layer.13.output.LayerNorm.beta', 'roberta.encoder.layer.13.output.LayerNorm.gamma', 'roberta.encoder.layer.14.attention.output.LayerNorm.beta', 'roberta.encoder.layer.14.attention.output.LayerNorm.gamma', 'roberta.encoder.layer.14.output.LayerNorm.beta', 'roberta.encoder.layer.14.output.LayerNorm.gamma', 'roberta.encoder.layer.15.attention.output.LayerNorm.beta', 'roberta.encoder.layer.15.attention.output.LayerNorm.gamma', 'roberta.encoder.layer.15.output.LayerNorm.beta', 'roberta.encoder.layer.15.output.LayerNorm.gamma', 'roberta.encoder.layer.16.attention.output.LayerNorm.beta', 'roberta.encoder.layer.16.attention.output.LayerNorm.gamma', 'roberta.encoder.layer.16.output.LayerNorm.beta', 'roberta.encoder.layer.16.output.LayerNorm.gamma', 'roberta.encoder.layer.17.attention.output.LayerNorm.beta', 'roberta.encoder.layer.17.attention.output.LayerNorm.gamma', 'roberta.encoder.layer.17.output.LayerNorm.beta', 'roberta.encoder.layer.17.output.LayerNorm.gamma', 'roberta.encoder.layer.18.attention.output.LayerNorm.beta', 'roberta.encoder.layer.18.attention.output.LayerNorm.gamma', 'roberta.encoder.layer.18.output.LayerNorm.beta', 'roberta.encoder.layer.18.output.LayerNorm.gamma', 'roberta.encoder.layer.19.attention.output.LayerNorm.beta', 'roberta.encoder.layer.19.attention.output.LayerNorm.gamma', 'roberta.encoder.layer.19.output.LayerNorm.beta', 'roberta.encoder.layer.19.output.LayerNorm.gamma', 'roberta.encoder.layer.20.attention.output.LayerNorm.beta', 'roberta.encoder.layer.20.attention.output.LayerNorm.gamma', 'roberta.encoder.layer.20.output.LayerNorm.beta', 'roberta.encoder.layer.20.output.LayerNorm.gamma', 'roberta.encoder.layer.21.attention.output.LayerNorm.beta', 'roberta.encoder.layer.21.attention.output.LayerNorm.gamma', 'roberta.encoder.layer.21.output.LayerNorm.beta', 'roberta.encoder.layer.21.output.LayerNorm.gamma', 'roberta.encoder.layer.22.attention.output.LayerNorm.beta', 'roberta.encoder.layer.22.attention.output.LayerNorm.gamma', 'roberta.encoder.layer.22.output.LayerNorm.beta', 'roberta.encoder.layer.22.output.LayerNorm.gamma', 'roberta.encoder.layer.23.attention.output.LayerNorm.beta', 'roberta.encoder.layer.23.attention.output.LayerNorm.gamma', 'roberta.encoder.layer.23.output.LayerNorm.beta', 'roberta.encoder.layer.23.output.LayerNorm.gamma'].
[data] cached CSV files not found, loading w11wo/twitter_indonesia_sarcastic from HuggingFace
[compat] ignoring unsupported TrainingArguments kwargs: overwrite_output_dir
[run] output_dir=results/optimization/twitter-xlmr-large-threshold
[run] model_output_dir=models/optimization/twitter-xlmr-large-threshold
[run] table_path=results/tables/optimization_runs.csv
{'loss': '0.576', 'grad_norm': '11.42', 'learning_rate': '9.998e-06', 'epoch': '1'}
{'eval_loss': '0.5202', 'eval_accuracy': '0.75', 'eval_precision': '0', 'eval_recall': '0', 'eval_f1': '0', 'eval_runtime': '1.204', 'eval_samples_per_second': '222.6', 'eval_steps_per_second': '4.153', 'epoch': '1'}
{'loss': '0.5015', 'grad_norm': '19.67', 'learning_rate': '9.99e-06', 'epoch': '2'}
{'eval_loss': '0.4434', 'eval_accuracy': '0.75', 'eval_precision': '0', 'eval_recall': '0', 'eval_f1': '0', 'eval_runtime': '1.332', 'eval_samples_per_second': '201.2', 'eval_steps_per_second': '3.753', 'epoch': '2'}
{'loss': '0.4013', 'grad_norm': '26.14', 'learning_rate': '9.978e-06', 'epoch': '3'}
{'eval_loss': '0.3324', 'eval_accuracy': '0.8321', 'eval_precision': '0.6375', 'eval_recall': '0.7612', 'eval_f1': '0.6939', 'eval_runtime': '1.492', 'eval_samples_per_second': '179.6', 'eval_steps_per_second': '3.351', 'epoch': '3'}
{'loss': '0.3067', 'grad_norm': '20.6', 'learning_rate': '9.961e-06', 'epoch': '4'}
{'eval_loss': '0.3131', 'eval_accuracy': '0.8507', 'eval_precision': '0.8', 'eval_recall': '0.5373', 'eval_f1': '0.6429', 'eval_runtime': '1.511', 'eval_samples_per_second': '177.4', 'eval_steps_per_second': '3.31', 'epoch': '4'}
{'loss': '0.2369', 'grad_norm': '25.48', 'learning_rate': '9.939e-06', 'epoch': '5'}
{'eval_loss': '0.2893', 'eval_accuracy': '0.8769', 'eval_precision': '0.7742', 'eval_recall': '0.7164', 'eval_f1': '0.7442', 'eval_runtime': '1.526', 'eval_samples_per_second': '175.6', 'eval_steps_per_second': '3.276', 'epoch': '5'}
{'loss': '0.1605', 'grad_norm': '27.59', 'learning_rate': '9.912e-06', 'epoch': '6'}
{'eval_loss': '0.329', 'eval_accuracy': '0.8694', 'eval_precision': '0.7857', 'eval_recall': '0.6567', 'eval_f1': '0.7154', 'eval_runtime': '1.481', 'eval_samples_per_second': '180.9', 'eval_steps_per_second': '3.375', 'epoch': '6'}
{'loss': '0.1154', 'grad_norm': '26.04', 'learning_rate': '9.88e-06', 'epoch': '7'}
{'eval_loss': '0.4504', 'eval_accuracy': '0.8769', 'eval_precision': '0.7024', 'eval_recall': '0.8806', 'eval_f1': '0.7815', 'eval_runtime': '1.512', 'eval_samples_per_second': '177.2', 'eval_steps_per_second': '3.306', 'epoch': '7'}
{'loss': '0.09339', 'grad_norm': '35.98', 'learning_rate': '9.844e-06', 'epoch': '8'}
{'eval_loss': '0.4702', 'eval_accuracy': '0.8881', 'eval_precision': '0.9111', 'eval_recall': '0.6119', 'eval_f1': '0.7321', 'eval_runtime': '1.487', 'eval_samples_per_second': '180.2', 'eval_steps_per_second': '3.363', 'epoch': '8'}
{'loss': '0.06235', 'grad_norm': '0.4225', 'learning_rate': '9.802e-06', 'epoch': '9'}
{'eval_loss': '0.5567', 'eval_accuracy': '0.8769', 'eval_precision': '0.7576', 'eval_recall': '0.7463', 'eval_f1': '0.7519', 'eval_runtime': '1.524', 'eval_samples_per_second': '175.8', 'eval_steps_per_second': '3.281', 'epoch': '9'}
{'loss': '0.1165', 'grad_norm': '73.43', 'learning_rate': '9.756e-06', 'epoch': '10'}
{'eval_loss': '0.7304', 'eval_accuracy': '0.8881', 'eval_precision': '0.8936', 'eval_recall': '0.6269', 'eval_f1': '0.7368', 'eval_runtime': '1.524', 'eval_samples_per_second': '175.9', 'eval_steps_per_second': '3.282', 'epoch': '10'}
{'train_runtime': '1938', 'train_samples_per_second': '96.89', 'train_steps_per_second': '3.044', 'train_loss': '0.2571', 'epoch': '10'}
{
  "run_id": "twitter-xlmr-large-threshold",
  "dataset": "twitter",
  "model_alias": "xlmr-large",
  "model_name": "xlm-roberta-large",
  "selected_threshold": 0.85,
  "validation_default_f1": 0.7815,
  "validation_tuned_f1": 0.7943,
  "test_default_accuracy": 0.8401,
  "test_default_precision": 0.6364,
  "test_default_recall": 0.8358,
  "test_default_f1": 0.7226,
  "test_tuned_accuracy": 0.8755,
  "test_tuned_precision": 0.7219,
  "test_tuned_recall": 0.8134,
  "test_tuned_f1": 0.7649,
  "delta_f1": 0.0423,
  "learning_rate": 1e-05,
  "lr_scheduler_type": "cosine",
  "epochs": 100.0,
  "batch_size": 32,
  "eval_batch_size": 64,
  "max_length": 128,
  "weight_decay": 0.03,
  "label_smoothing_factor": 0.0,
  "pad_to_max_length": true,
  "shuffle_train_dataset": true,
  "early_stopping_patience": 3,
  "early_stopping_threshold": 0.01,
  "seed": 42,
  "fp16": true,
  "gradient_accumulation_steps": 1,
  "gradient_checkpointing": false,
  "auto_find_batch_size": false,
  "max_train_samples": null,
  "max_eval_samples": null,
  "max_predict_samples": null,
  "sample_limited": false
}
