Warning: You are sending unauthenticated requests to the HF Hub. Please set a HF_TOKEN to enable higher rate limits and faster downloads.
XLMRobertaForSequenceClassification LOAD REPORT from: xlm-roberta-base
Key                         | Status     | 
----------------------------+------------+-
roberta.pooler.dense.bias   | UNEXPECTED | 
lm_head.dense.weight        | UNEXPECTED | 
roberta.pooler.dense.weight | UNEXPECTED | 
lm_head.dense.bias          | UNEXPECTED | 
lm_head.layer_norm.weight   | UNEXPECTED | 
lm_head.layer_norm.bias     | UNEXPECTED | 
lm_head.bias                | UNEXPECTED | 
classifier.dense.bias       | MISSING    | 
classifier.out_proj.bias    | MISSING    | 
classifier.dense.weight     | MISSING    | 
classifier.out_proj.weight  | MISSING    | 

Notes:
- UNEXPECTED	:can be ignored when loading from different task/architecture; not ok if you expect identical arch.
- MISSING	:those params were newly initialized because missing from the checkpoint. Consider training on your downstream task.
There were missing keys in the checkpoint model loaded: ['roberta.embeddings.LayerNorm.weight', 'roberta.embeddings.LayerNorm.bias', 'roberta.encoder.layer.0.attention.output.LayerNorm.weight', 'roberta.encoder.layer.0.attention.output.LayerNorm.bias', 'roberta.encoder.layer.0.output.LayerNorm.weight', 'roberta.encoder.layer.0.output.LayerNorm.bias', 'roberta.encoder.layer.1.attention.output.LayerNorm.weight', 'roberta.encoder.layer.1.attention.output.LayerNorm.bias', 'roberta.encoder.layer.1.output.LayerNorm.weight', 'roberta.encoder.layer.1.output.LayerNorm.bias', 'roberta.encoder.layer.2.attention.output.LayerNorm.weight', 'roberta.encoder.layer.2.attention.output.LayerNorm.bias', 'roberta.encoder.layer.2.output.LayerNorm.weight', 'roberta.encoder.layer.2.output.LayerNorm.bias', 'roberta.encoder.layer.3.attention.output.LayerNorm.weight', 'roberta.encoder.layer.3.attention.output.LayerNorm.bias', 'roberta.encoder.layer.3.output.LayerNorm.weight', 'roberta.encoder.layer.3.output.LayerNorm.bias', 'roberta.encoder.layer.4.attention.output.LayerNorm.weight', 'roberta.encoder.layer.4.attention.output.LayerNorm.bias', 'roberta.encoder.layer.4.output.LayerNorm.weight', 'roberta.encoder.layer.4.output.LayerNorm.bias', 'roberta.encoder.layer.5.attention.output.LayerNorm.weight', 'roberta.encoder.layer.5.attention.output.LayerNorm.bias', 'roberta.encoder.layer.5.output.LayerNorm.weight', 'roberta.encoder.layer.5.output.LayerNorm.bias', 'roberta.encoder.layer.6.attention.output.LayerNorm.weight', 'roberta.encoder.layer.6.attention.output.LayerNorm.bias', 'roberta.encoder.layer.6.output.LayerNorm.weight', 'roberta.encoder.layer.6.output.LayerNorm.bias', 'roberta.encoder.layer.7.attention.output.LayerNorm.weight', 'roberta.encoder.layer.7.attention.output.LayerNorm.bias', 'roberta.encoder.layer.7.output.LayerNorm.weight', 'roberta.encoder.layer.7.output.LayerNorm.bias', 'roberta.encoder.layer.8.attention.output.LayerNorm.weight', 'roberta.encoder.layer.8.attention.output.LayerNorm.bias', 'roberta.encoder.layer.8.output.LayerNorm.weight', 'roberta.encoder.layer.8.output.LayerNorm.bias', 'roberta.encoder.layer.9.attention.output.LayerNorm.weight', 'roberta.encoder.layer.9.attention.output.LayerNorm.bias', 'roberta.encoder.layer.9.output.LayerNorm.weight', 'roberta.encoder.layer.9.output.LayerNorm.bias', 'roberta.encoder.layer.10.attention.output.LayerNorm.weight', 'roberta.encoder.layer.10.attention.output.LayerNorm.bias', 'roberta.encoder.layer.10.output.LayerNorm.weight', 'roberta.encoder.layer.10.output.LayerNorm.bias', 'roberta.encoder.layer.11.attention.output.LayerNorm.weight', 'roberta.encoder.layer.11.attention.output.LayerNorm.bias', 'roberta.encoder.layer.11.output.LayerNorm.weight', 'roberta.encoder.layer.11.output.LayerNorm.bias'].
There were unexpected keys in the checkpoint model loaded: ['roberta.embeddings.LayerNorm.beta', 'roberta.embeddings.LayerNorm.gamma', 'roberta.encoder.layer.0.attention.output.LayerNorm.beta', 'roberta.encoder.layer.0.attention.output.LayerNorm.gamma', 'roberta.encoder.layer.0.output.LayerNorm.beta', 'roberta.encoder.layer.0.output.LayerNorm.gamma', 'roberta.encoder.layer.1.attention.output.LayerNorm.beta', 'roberta.encoder.layer.1.attention.output.LayerNorm.gamma', 'roberta.encoder.layer.1.output.LayerNorm.beta', 'roberta.encoder.layer.1.output.LayerNorm.gamma', 'roberta.encoder.layer.2.attention.output.LayerNorm.beta', 'roberta.encoder.layer.2.attention.output.LayerNorm.gamma', 'roberta.encoder.layer.2.output.LayerNorm.beta', 'roberta.encoder.layer.2.output.LayerNorm.gamma', 'roberta.encoder.layer.3.attention.output.LayerNorm.beta', 'roberta.encoder.layer.3.attention.output.LayerNorm.gamma', 'roberta.encoder.layer.3.output.LayerNorm.beta', 'roberta.encoder.layer.3.output.LayerNorm.gamma', 'roberta.encoder.layer.4.attention.output.LayerNorm.beta', 'roberta.encoder.layer.4.attention.output.LayerNorm.gamma', 'roberta.encoder.layer.4.output.LayerNorm.beta', 'roberta.encoder.layer.4.output.LayerNorm.gamma', 'roberta.encoder.layer.5.attention.output.LayerNorm.beta', 'roberta.encoder.layer.5.attention.output.LayerNorm.gamma', 'roberta.encoder.layer.5.output.LayerNorm.beta', 'roberta.encoder.layer.5.output.LayerNorm.gamma', 'roberta.encoder.layer.6.attention.output.LayerNorm.beta', 'roberta.encoder.layer.6.attention.output.LayerNorm.gamma', 'roberta.encoder.layer.6.output.LayerNorm.beta', 'roberta.encoder.layer.6.output.LayerNorm.gamma', 'roberta.encoder.layer.7.attention.output.LayerNorm.beta', 'roberta.encoder.layer.7.attention.output.LayerNorm.gamma', 'roberta.encoder.layer.7.output.LayerNorm.beta', 'roberta.encoder.layer.7.output.LayerNorm.gamma', 'roberta.encoder.layer.8.attention.output.LayerNorm.beta', 'roberta.encoder.layer.8.attention.output.LayerNorm.gamma', 'roberta.encoder.layer.8.output.LayerNorm.beta', 'roberta.encoder.layer.8.output.LayerNorm.gamma', 'roberta.encoder.layer.9.attention.output.LayerNorm.beta', 'roberta.encoder.layer.9.attention.output.LayerNorm.gamma', 'roberta.encoder.layer.9.output.LayerNorm.beta', 'roberta.encoder.layer.9.output.LayerNorm.gamma', 'roberta.encoder.layer.10.attention.output.LayerNorm.beta', 'roberta.encoder.layer.10.attention.output.LayerNorm.gamma', 'roberta.encoder.layer.10.output.LayerNorm.beta', 'roberta.encoder.layer.10.output.LayerNorm.gamma', 'roberta.encoder.layer.11.attention.output.LayerNorm.beta', 'roberta.encoder.layer.11.attention.output.LayerNorm.gamma', 'roberta.encoder.layer.11.output.LayerNorm.beta', 'roberta.encoder.layer.11.output.LayerNorm.gamma'].
[data] cached CSV files not found, loading w11wo/twitter_indonesia_sarcastic from HuggingFace
[compat] ignoring unsupported TrainingArguments kwargs: overwrite_output_dir
[run] output_dir=results/optimization/twitter-xlmr-base-label-smoothing005
[run] model_output_dir=models/optimization/twitter-xlmr-base-label-smoothing005
[run] table_path=results/tables/optimization_runs.csv
{'loss': '0.5818', 'grad_norm': '4.942', 'learning_rate': '9.998e-06', 'epoch': '1'}
{'eval_loss': '0.5453', 'eval_accuracy': '0.75', 'eval_precision': '0', 'eval_recall': '0', 'eval_f1': '0', 'eval_runtime': '0.4721', 'eval_samples_per_second': '567.7', 'eval_steps_per_second': '10.59', 'epoch': '1'}
{'loss': '0.5336', 'grad_norm': '5.451', 'learning_rate': '9.99e-06', 'epoch': '2'}
{'eval_loss': '0.5283', 'eval_accuracy': '0.75', 'eval_precision': '0.5', 'eval_recall': '0.01493', 'eval_f1': '0.02899', 'eval_runtime': '0.5129', 'eval_samples_per_second': '522.5', 'eval_steps_per_second': '9.748', 'epoch': '2'}
{'loss': '0.5109', 'grad_norm': '4.134', 'learning_rate': '9.978e-06', 'epoch': '3'}
{'eval_loss': '0.5009', 'eval_accuracy': '0.7799', 'eval_precision': '0.9', 'eval_recall': '0.1343', 'eval_f1': '0.2338', 'eval_runtime': '0.5193', 'eval_samples_per_second': '516.1', 'eval_steps_per_second': '9.629', 'epoch': '3'}
{'loss': '0.4635', 'grad_norm': '7.404', 'learning_rate': '9.961e-06', 'epoch': '4'}
{'eval_loss': '0.4666', 'eval_accuracy': '0.7836', 'eval_precision': '0.8', 'eval_recall': '0.1791', 'eval_f1': '0.2927', 'eval_runtime': '0.5232', 'eval_samples_per_second': '512.3', 'eval_steps_per_second': '9.557', 'epoch': '4'}
{'loss': '0.4069', 'grad_norm': '13.59', 'learning_rate': '9.939e-06', 'epoch': '5'}
{'eval_loss': '0.3907', 'eval_accuracy': '0.8657', 'eval_precision': '0.7627', 'eval_recall': '0.6716', 'eval_f1': '0.7143', 'eval_runtime': '0.4852', 'eval_samples_per_second': '552.3', 'eval_steps_per_second': '10.3', 'epoch': '5'}
{'loss': '0.3542', 'grad_norm': '7.187', 'learning_rate': '9.912e-06', 'epoch': '6'}
{'eval_loss': '0.3686', 'eval_accuracy': '0.8545', 'eval_precision': '0.7593', 'eval_recall': '0.6119', 'eval_f1': '0.6777', 'eval_runtime': '0.486', 'eval_samples_per_second': '551.5', 'eval_steps_per_second': '10.29', 'epoch': '6'}
{'loss': '0.3001', 'grad_norm': '11.58', 'learning_rate': '9.88e-06', 'epoch': '7'}
{'eval_loss': '0.4146', 'eval_accuracy': '0.8545', 'eval_precision': '0.6707', 'eval_recall': '0.8209', 'eval_f1': '0.7383', 'eval_runtime': '0.5145', 'eval_samples_per_second': '520.9', 'eval_steps_per_second': '9.719', 'epoch': '7'}
{'loss': '0.2525', 'grad_norm': '25.15', 'learning_rate': '9.844e-06', 'epoch': '8'}
{'eval_loss': '0.4237', 'eval_accuracy': '0.8657', 'eval_precision': '0.7925', 'eval_recall': '0.6269', 'eval_f1': '0.7', 'eval_runtime': '0.4872', 'eval_samples_per_second': '550.1', 'eval_steps_per_second': '10.26', 'epoch': '8'}
{'loss': '0.2186', 'grad_norm': '6.265', 'learning_rate': '9.802e-06', 'epoch': '9'}
{'eval_loss': '0.513', 'eval_accuracy': '0.8694', 'eval_precision': '0.881', 'eval_recall': '0.5522', 'eval_f1': '0.6789', 'eval_runtime': '0.4765', 'eval_samples_per_second': '562.5', 'eval_steps_per_second': '10.49', 'epoch': '9'}
{'loss': '0.2011', 'grad_norm': '32.87', 'learning_rate': '9.756e-06', 'epoch': '10'}
{'eval_loss': '0.4878', 'eval_accuracy': '0.8731', 'eval_precision': '0.7895', 'eval_recall': '0.6716', 'eval_f1': '0.7258', 'eval_runtime': '0.4832', 'eval_samples_per_second': '554.6', 'eval_steps_per_second': '10.35', 'epoch': '10'}
{'train_runtime': '1619', 'train_samples_per_second': '116', 'train_steps_per_second': '3.645', 'train_loss': '0.3823', 'epoch': '10'}
{
  "run_id": "twitter-xlmr-base-label-smoothing005",
  "dataset": "twitter",
  "model_alias": "xlmr-base",
  "model_name": "xlm-roberta-base",
  "selected_threshold": 0.67,
  "validation_default_f1": 0.7432,
  "validation_tuned_f1": 0.7556,
  "test_default_accuracy": 0.8569,
  "test_default_precision": 0.6939,
  "test_default_recall": 0.7612,
  "test_default_f1": 0.726,
  "test_tuned_accuracy": 0.8532,
  "test_tuned_precision": 0.7311,
  "test_tuned_recall": 0.6493,
  "test_tuned_f1": 0.6877,
  "delta_f1": -0.0383,
  "learning_rate": 1e-05,
  "lr_scheduler_type": "cosine",
  "epochs": 100.0,
  "batch_size": 32,
  "eval_batch_size": 64,
  "max_length": 128,
  "weight_decay": 0.03,
  "label_smoothing_factor": 0.05,
  "pad_to_max_length": true,
  "shuffle_train_dataset": true,
  "early_stopping_patience": 3,
  "early_stopping_threshold": 0.01,
  "seed": 42,
  "fp16": true,
  "gradient_accumulation_steps": 1,
  "gradient_checkpointing": false,
  "auto_find_batch_size": false,
  "max_train_samples": null,
  "max_eval_samples": null,
  "max_predict_samples": null,
  "sample_limited": false
}
