Warning: You are sending unauthenticated requests to the HF Hub. Please set a HF_TOKEN to enable higher rate limits and faster downloads.
XLMRobertaForSequenceClassification LOAD REPORT from: xlm-roberta-large
Key                         | Status     | 
----------------------------+------------+-
lm_head.dense.bias          | UNEXPECTED | 
roberta.pooler.dense.weight | UNEXPECTED | 
lm_head.layer_norm.bias     | UNEXPECTED | 
lm_head.bias                | UNEXPECTED | 
lm_head.layer_norm.weight   | UNEXPECTED | 
roberta.pooler.dense.bias   | UNEXPECTED | 
lm_head.dense.weight        | UNEXPECTED | 
classifier.dense.weight     | MISSING    | 
classifier.dense.bias       | MISSING    | 
classifier.out_proj.bias    | MISSING    | 
classifier.out_proj.weight  | MISSING    | 

Notes:
- UNEXPECTED	:can be ignored when loading from different task/architecture; not ok if you expect identical arch.
- MISSING	:those params were newly initialized because missing from the checkpoint. Consider training on your downstream task.
There were missing keys in the checkpoint model loaded: ['roberta.embeddings.LayerNorm.weight', 'roberta.embeddings.LayerNorm.bias', 'roberta.encoder.layer.0.attention.output.LayerNorm.weight', 'roberta.encoder.layer.0.attention.output.LayerNorm.bias', 'roberta.encoder.layer.0.output.LayerNorm.weight', 'roberta.encoder.layer.0.output.LayerNorm.bias', 'roberta.encoder.layer.1.attention.output.LayerNorm.weight', 'roberta.encoder.layer.1.attention.output.LayerNorm.bias', 'roberta.encoder.layer.1.output.LayerNorm.weight', 'roberta.encoder.layer.1.output.LayerNorm.bias', 'roberta.encoder.layer.2.attention.output.LayerNorm.weight', 'roberta.encoder.layer.2.attention.output.LayerNorm.bias', 'roberta.encoder.layer.2.output.LayerNorm.weight', 'roberta.encoder.layer.2.output.LayerNorm.bias', 'roberta.encoder.layer.3.attention.output.LayerNorm.weight', 'roberta.encoder.layer.3.attention.output.LayerNorm.bias', 'roberta.encoder.layer.3.output.LayerNorm.weight', 'roberta.encoder.layer.3.output.LayerNorm.bias', 'roberta.encoder.layer.4.attention.output.LayerNorm.weight', 'roberta.encoder.layer.4.attention.output.LayerNorm.bias', 'roberta.encoder.layer.4.output.LayerNorm.weight', 'roberta.encoder.layer.4.output.LayerNorm.bias', 'roberta.encoder.layer.5.attention.output.LayerNorm.weight', 'roberta.encoder.layer.5.attention.output.LayerNorm.bias', 'roberta.encoder.layer.5.output.LayerNorm.weight', 'roberta.encoder.layer.5.output.LayerNorm.bias', 'roberta.encoder.layer.6.attention.output.LayerNorm.weight', 'roberta.encoder.layer.6.attention.output.LayerNorm.bias', 'roberta.encoder.layer.6.output.LayerNorm.weight', 'roberta.encoder.layer.6.output.LayerNorm.bias', 'roberta.encoder.layer.7.attention.output.LayerNorm.weight', 'roberta.encoder.layer.7.attention.output.LayerNorm.bias', 'roberta.encoder.layer.7.output.LayerNorm.weight', 'roberta.encoder.layer.7.output.LayerNorm.bias', 'roberta.encoder.layer.8.attention.output.LayerNorm.weight', 'roberta.encoder.layer.8.attention.output.LayerNorm.bias', 'roberta.encoder.layer.8.output.LayerNorm.weight', 'roberta.encoder.layer.8.output.LayerNorm.bias', 'roberta.encoder.layer.9.attention.output.LayerNorm.weight', 'roberta.encoder.layer.9.attention.output.LayerNorm.bias', 'roberta.encoder.layer.9.output.LayerNorm.weight', 'roberta.encoder.layer.9.output.LayerNorm.bias', 'roberta.encoder.layer.10.attention.output.LayerNorm.weight', 'roberta.encoder.layer.10.attention.output.LayerNorm.bias', 'roberta.encoder.layer.10.output.LayerNorm.weight', 'roberta.encoder.layer.10.output.LayerNorm.bias', 'roberta.encoder.layer.11.attention.output.LayerNorm.weight', 'roberta.encoder.layer.11.attention.output.LayerNorm.bias', 'roberta.encoder.layer.11.output.LayerNorm.weight', 'roberta.encoder.layer.11.output.LayerNorm.bias', 'roberta.encoder.layer.12.attention.output.LayerNorm.weight', 'roberta.encoder.layer.12.attention.output.LayerNorm.bias', 'roberta.encoder.layer.12.output.LayerNorm.weight', 'roberta.encoder.layer.12.output.LayerNorm.bias', 'roberta.encoder.layer.13.attention.output.LayerNorm.weight', 'roberta.encoder.layer.13.attention.output.LayerNorm.bias', 'roberta.encoder.layer.13.output.LayerNorm.weight', 'roberta.encoder.layer.13.output.LayerNorm.bias', 'roberta.encoder.layer.14.attention.output.LayerNorm.weight', 'roberta.encoder.layer.14.attention.output.LayerNorm.bias', 'roberta.encoder.layer.14.output.LayerNorm.weight', 'roberta.encoder.layer.14.output.LayerNorm.bias', 'roberta.encoder.layer.15.attention.output.LayerNorm.weight', 'roberta.encoder.layer.15.attention.output.LayerNorm.bias', 'roberta.encoder.layer.15.output.LayerNorm.weight', 'roberta.encoder.layer.15.output.LayerNorm.bias', 'roberta.encoder.layer.16.attention.output.LayerNorm.weight', 'roberta.encoder.layer.16.attention.output.LayerNorm.bias', 'roberta.encoder.layer.16.output.LayerNorm.weight', 'roberta.encoder.layer.16.output.LayerNorm.bias', 'roberta.encoder.layer.17.attention.output.LayerNorm.weight', 'roberta.encoder.layer.17.attention.output.LayerNorm.bias', 'roberta.encoder.layer.17.output.LayerNorm.weight', 'roberta.encoder.layer.17.output.LayerNorm.bias', 'roberta.encoder.layer.18.attention.output.LayerNorm.weight', 'roberta.encoder.layer.18.attention.output.LayerNorm.bias', 'roberta.encoder.layer.18.output.LayerNorm.weight', 'roberta.encoder.layer.18.output.LayerNorm.bias', 'roberta.encoder.layer.19.attention.output.LayerNorm.weight', 'roberta.encoder.layer.19.attention.output.LayerNorm.bias', 'roberta.encoder.layer.19.output.LayerNorm.weight', 'roberta.encoder.layer.19.output.LayerNorm.bias', 'roberta.encoder.layer.20.attention.output.LayerNorm.weight', 'roberta.encoder.layer.20.attention.output.LayerNorm.bias', 'roberta.encoder.layer.20.output.LayerNorm.weight', 'roberta.encoder.layer.20.output.LayerNorm.bias', 'roberta.encoder.layer.21.attention.output.LayerNorm.weight', 'roberta.encoder.layer.21.attention.output.LayerNorm.bias', 'roberta.encoder.layer.21.output.LayerNorm.weight', 'roberta.encoder.layer.21.output.LayerNorm.bias', 'roberta.encoder.layer.22.attention.output.LayerNorm.weight', 'roberta.encoder.layer.22.attention.output.LayerNorm.bias', 'roberta.encoder.layer.22.output.LayerNorm.weight', 'roberta.encoder.layer.22.output.LayerNorm.bias', 'roberta.encoder.layer.23.attention.output.LayerNorm.weight', 'roberta.encoder.layer.23.attention.output.LayerNorm.bias', 'roberta.encoder.layer.23.output.LayerNorm.weight', 'roberta.encoder.layer.23.output.LayerNorm.bias'].
There were unexpected keys in the checkpoint model loaded: ['roberta.embeddings.LayerNorm.beta', 'roberta.embeddings.LayerNorm.gamma', 'roberta.encoder.layer.0.attention.output.LayerNorm.beta', 'roberta.encoder.layer.0.attention.output.LayerNorm.gamma', 'roberta.encoder.layer.0.output.LayerNorm.beta', 'roberta.encoder.layer.0.output.LayerNorm.gamma', 'roberta.encoder.layer.1.attention.output.LayerNorm.beta', 'roberta.encoder.layer.1.attention.output.LayerNorm.gamma', 'roberta.encoder.layer.1.output.LayerNorm.beta', 'roberta.encoder.layer.1.output.LayerNorm.gamma', 'roberta.encoder.layer.2.attention.output.LayerNorm.beta', 'roberta.encoder.layer.2.attention.output.LayerNorm.gamma', 'roberta.encoder.layer.2.output.LayerNorm.beta', 'roberta.encoder.layer.2.output.LayerNorm.gamma', 'roberta.encoder.layer.3.attention.output.LayerNorm.beta', 'roberta.encoder.layer.3.attention.output.LayerNorm.gamma', 'roberta.encoder.layer.3.output.LayerNorm.beta', 'roberta.encoder.layer.3.output.LayerNorm.gamma', 'roberta.encoder.layer.4.attention.output.LayerNorm.beta', 'roberta.encoder.layer.4.attention.output.LayerNorm.gamma', 'roberta.encoder.layer.4.output.LayerNorm.beta', 'roberta.encoder.layer.4.output.LayerNorm.gamma', 'roberta.encoder.layer.5.attention.output.LayerNorm.beta', 'roberta.encoder.layer.5.attention.output.LayerNorm.gamma', 'roberta.encoder.layer.5.output.LayerNorm.beta', 'roberta.encoder.layer.5.output.LayerNorm.gamma', 'roberta.encoder.layer.6.attention.output.LayerNorm.beta', 'roberta.encoder.layer.6.attention.output.LayerNorm.gamma', 'roberta.encoder.layer.6.output.LayerNorm.beta', 'roberta.encoder.layer.6.output.LayerNorm.gamma', 'roberta.encoder.layer.7.attention.output.LayerNorm.beta', 'roberta.encoder.layer.7.attention.output.LayerNorm.gamma', 'roberta.encoder.layer.7.output.LayerNorm.beta', 'roberta.encoder.layer.7.output.LayerNorm.gamma', 'roberta.encoder.layer.8.attention.output.LayerNorm.beta', 'roberta.encoder.layer.8.attention.output.LayerNorm.gamma', 'roberta.encoder.layer.8.output.LayerNorm.beta', 'roberta.encoder.layer.8.output.LayerNorm.gamma', 'roberta.encoder.layer.9.attention.output.LayerNorm.beta', 'roberta.encoder.layer.9.attention.output.LayerNorm.gamma', 'roberta.encoder.layer.9.output.LayerNorm.beta', 'roberta.encoder.layer.9.output.LayerNorm.gamma', 'roberta.encoder.layer.10.attention.output.LayerNorm.beta', 'roberta.encoder.layer.10.attention.output.LayerNorm.gamma', 'roberta.encoder.layer.10.output.LayerNorm.beta', 'roberta.encoder.layer.10.output.LayerNorm.gamma', 'roberta.encoder.layer.11.attention.output.LayerNorm.beta', 'roberta.encoder.layer.11.attention.output.LayerNorm.gamma', 'roberta.encoder.layer.11.output.LayerNorm.beta', 'roberta.encoder.layer.11.output.LayerNorm.gamma', 'roberta.encoder.layer.12.attention.output.LayerNorm.beta', 'roberta.encoder.layer.12.attention.output.LayerNorm.gamma', 'roberta.encoder.layer.12.output.LayerNorm.beta', 'roberta.encoder.layer.12.output.LayerNorm.gamma', 'roberta.encoder.layer.13.attention.output.LayerNorm.beta', 'roberta.encoder.layer.13.attention.output.LayerNorm.gamma', 'roberta.encoder.layer.13.output.LayerNorm.beta', 'roberta.encoder.layer.13.output.LayerNorm.gamma', 'roberta.encoder.layer.14.attention.output.LayerNorm.beta', 'roberta.encoder.layer.14.attention.output.LayerNorm.gamma', 'roberta.encoder.layer.14.output.LayerNorm.beta', 'roberta.encoder.layer.14.output.LayerNorm.gamma', 'roberta.encoder.layer.15.attention.output.LayerNorm.beta', 'roberta.encoder.layer.15.attention.output.LayerNorm.gamma', 'roberta.encoder.layer.15.output.LayerNorm.beta', 'roberta.encoder.layer.15.output.LayerNorm.gamma', 'roberta.encoder.layer.16.attention.output.LayerNorm.beta', 'roberta.encoder.layer.16.attention.output.LayerNorm.gamma', 'roberta.encoder.layer.16.output.LayerNorm.beta', 'roberta.encoder.layer.16.output.LayerNorm.gamma', 'roberta.encoder.layer.17.attention.output.LayerNorm.beta', 'roberta.encoder.layer.17.attention.output.LayerNorm.gamma', 'roberta.encoder.layer.17.output.LayerNorm.beta', 'roberta.encoder.layer.17.output.LayerNorm.gamma', 'roberta.encoder.layer.18.attention.output.LayerNorm.beta', 'roberta.encoder.layer.18.attention.output.LayerNorm.gamma', 'roberta.encoder.layer.18.output.LayerNorm.beta', 'roberta.encoder.layer.18.output.LayerNorm.gamma', 'roberta.encoder.layer.19.attention.output.LayerNorm.beta', 'roberta.encoder.layer.19.attention.output.LayerNorm.gamma', 'roberta.encoder.layer.19.output.LayerNorm.beta', 'roberta.encoder.layer.19.output.LayerNorm.gamma', 'roberta.encoder.layer.20.attention.output.LayerNorm.beta', 'roberta.encoder.layer.20.attention.output.LayerNorm.gamma', 'roberta.encoder.layer.20.output.LayerNorm.beta', 'roberta.encoder.layer.20.output.LayerNorm.gamma', 'roberta.encoder.layer.21.attention.output.LayerNorm.beta', 'roberta.encoder.layer.21.attention.output.LayerNorm.gamma', 'roberta.encoder.layer.21.output.LayerNorm.beta', 'roberta.encoder.layer.21.output.LayerNorm.gamma', 'roberta.encoder.layer.22.attention.output.LayerNorm.beta', 'roberta.encoder.layer.22.attention.output.LayerNorm.gamma', 'roberta.encoder.layer.22.output.LayerNorm.beta', 'roberta.encoder.layer.22.output.LayerNorm.gamma', 'roberta.encoder.layer.23.attention.output.LayerNorm.beta', 'roberta.encoder.layer.23.attention.output.LayerNorm.gamma', 'roberta.encoder.layer.23.output.LayerNorm.beta', 'roberta.encoder.layer.23.output.LayerNorm.gamma'].
[data] cached CSV files not found, loading w11wo/reddit_indonesia_sarcastic from HuggingFace
[compat] ignoring unsupported TrainingArguments kwargs: overwrite_output_dir
[run] output_dir=results/optimization/reddit-xlmr-large-threshold
[run] model_output_dir=models/optimization/reddit-xlmr-large-threshold
[run] table_path=results/tables/optimization_runs.csv
{'loss': '0.5333', 'grad_norm': '14.87', 'learning_rate': '9.998e-06', 'epoch': '1'}
{'eval_loss': '0.4769', 'eval_accuracy': '0.7647', 'eval_precision': '0.8182', 'eval_recall': '0.07649', 'eval_f1': '0.1399', 'eval_runtime': '7.219', 'eval_samples_per_second': '195.4', 'eval_steps_per_second': '3.186', 'epoch': '1'}
{'loss': '0.4462', 'grad_norm': '19.97', 'learning_rate': '9.99e-06', 'epoch': '2'}
{'eval_loss': '0.429', 'eval_accuracy': '0.8023', 'eval_precision': '0.6713', 'eval_recall': '0.4108', 'eval_f1': '0.5097', 'eval_runtime': '7.178', 'eval_samples_per_second': '196.6', 'eval_steps_per_second': '3.204', 'epoch': '2'}
{'loss': '0.4006', 'grad_norm': '14.86', 'learning_rate': '9.978e-06', 'epoch': '3'}
{'eval_loss': '0.4182', 'eval_accuracy': '0.803', 'eval_precision': '0.6168', 'eval_recall': '0.5609', 'eval_f1': '0.5875', 'eval_runtime': '7.155', 'eval_samples_per_second': '197.2', 'eval_steps_per_second': '3.215', 'epoch': '3'}
{'loss': '0.3387', 'grad_norm': '19.27', 'learning_rate': '9.961e-06', 'epoch': '4'}
{'eval_loss': '0.5638', 'eval_accuracy': '0.8037', 'eval_precision': '0.7346', 'eval_recall': '0.3371', 'eval_f1': '0.4621', 'eval_runtime': '7.19', 'eval_samples_per_second': '196.2', 'eval_steps_per_second': '3.199', 'epoch': '4'}
{'loss': '0.2967', 'grad_norm': '21.01', 'learning_rate': '9.939e-06', 'epoch': '5'}
{'eval_loss': '0.4803', 'eval_accuracy': '0.8065', 'eval_precision': '0.6205', 'eval_recall': '0.5836', 'eval_f1': '0.6015', 'eval_runtime': '7.152', 'eval_samples_per_second': '197.3', 'eval_steps_per_second': '3.216', 'epoch': '5'}
{'loss': '0.2425', 'grad_norm': '35.41', 'learning_rate': '9.912e-06', 'epoch': '6'}
{'eval_loss': '0.5104', 'eval_accuracy': '0.8051', 'eval_precision': '0.63', 'eval_recall': '0.5354', 'eval_f1': '0.5789', 'eval_runtime': '7.149', 'eval_samples_per_second': '197.4', 'eval_steps_per_second': '3.217', 'epoch': '6'}
{'loss': '0.1936', 'grad_norm': '27.89', 'learning_rate': '9.88e-06', 'epoch': '7'}
{'eval_loss': '0.5831', 'eval_accuracy': '0.8044', 'eval_precision': '0.6332', 'eval_recall': '0.5184', 'eval_f1': '0.5701', 'eval_runtime': '7.154', 'eval_samples_per_second': '197.2', 'eval_steps_per_second': '3.215', 'epoch': '7'}
{'loss': '0.1532', 'grad_norm': '19.55', 'learning_rate': '9.843e-06', 'epoch': '8'}
{'eval_loss': '0.7718', 'eval_accuracy': '0.8023', 'eval_precision': '0.6457', 'eval_recall': '0.4646', 'eval_f1': '0.5404', 'eval_runtime': '7.181', 'eval_samples_per_second': '196.5', 'eval_steps_per_second': '3.203', 'epoch': '8'}
{'train_runtime': '3645', 'train_samples_per_second': '271.1', 'train_steps_per_second': '8.478', 'train_loss': '0.3256', 'epoch': '8'}
{
  "run_id": "reddit-xlmr-large-threshold",
  "dataset": "reddit",
  "model_alias": "xlmr-large",
  "model_name": "xlm-roberta-large",
  "selected_threshold": 0.26,
  "validation_default_f1": 0.6015,
  "validation_tuned_f1": 0.6366,
  "test_default_accuracy": 0.8081,
  "test_default_precision": 0.6188,
  "test_default_recall": 0.6048,
  "test_default_f1": 0.6117,
  "test_tuned_accuracy": 0.7875,
  "test_tuned_precision": 0.5596,
  "test_tuned_recall": 0.7054,
  "test_tuned_f1": 0.6241,
  "delta_f1": 0.0124,
  "learning_rate": 1e-05,
  "lr_scheduler_type": "cosine",
  "epochs": 100.0,
  "batch_size": 32,
  "eval_batch_size": 64,
  "max_length": 128,
  "weight_decay": 0.03,
  "label_smoothing_factor": 0.0,
  "pad_to_max_length": true,
  "shuffle_train_dataset": true,
  "early_stopping_patience": 3,
  "early_stopping_threshold": 0.01,
  "seed": 42,
  "fp16": true,
  "gradient_accumulation_steps": 1,
  "gradient_checkpointing": false,
  "auto_find_batch_size": false,
  "max_train_samples": null,
  "max_eval_samples": null,
  "max_predict_samples": null,
  "sample_limited": false
}
