Warning: You are sending unauthenticated requests to the HF Hub. Please set a HF_TOKEN to enable higher rate limits and faster downloads.
XLMRobertaForSequenceClassification LOAD REPORT from: xlm-roberta-base
Key                         | Status     | 
----------------------------+------------+-
lm_head.layer_norm.weight   | UNEXPECTED | 
roberta.pooler.dense.weight | UNEXPECTED | 
lm_head.dense.bias          | UNEXPECTED | 
lm_head.layer_norm.bias     | UNEXPECTED | 
lm_head.bias                | UNEXPECTED | 
roberta.pooler.dense.bias   | UNEXPECTED | 
lm_head.dense.weight        | UNEXPECTED | 
classifier.dense.weight     | MISSING    | 
classifier.dense.bias       | MISSING    | 
classifier.out_proj.bias    | MISSING    | 
classifier.out_proj.weight  | MISSING    | 

Notes:
- UNEXPECTED	:can be ignored when loading from different task/architecture; not ok if you expect identical arch.
- MISSING	:those params were newly initialized because missing from the checkpoint. Consider training on your downstream task.
There were missing keys in the checkpoint model loaded: ['roberta.embeddings.LayerNorm.weight', 'roberta.embeddings.LayerNorm.bias', 'roberta.encoder.layer.0.attention.output.LayerNorm.weight', 'roberta.encoder.layer.0.attention.output.LayerNorm.bias', 'roberta.encoder.layer.0.output.LayerNorm.weight', 'roberta.encoder.layer.0.output.LayerNorm.bias', 'roberta.encoder.layer.1.attention.output.LayerNorm.weight', 'roberta.encoder.layer.1.attention.output.LayerNorm.bias', 'roberta.encoder.layer.1.output.LayerNorm.weight', 'roberta.encoder.layer.1.output.LayerNorm.bias', 'roberta.encoder.layer.2.attention.output.LayerNorm.weight', 'roberta.encoder.layer.2.attention.output.LayerNorm.bias', 'roberta.encoder.layer.2.output.LayerNorm.weight', 'roberta.encoder.layer.2.output.LayerNorm.bias', 'roberta.encoder.layer.3.attention.output.LayerNorm.weight', 'roberta.encoder.layer.3.attention.output.LayerNorm.bias', 'roberta.encoder.layer.3.output.LayerNorm.weight', 'roberta.encoder.layer.3.output.LayerNorm.bias', 'roberta.encoder.layer.4.attention.output.LayerNorm.weight', 'roberta.encoder.layer.4.attention.output.LayerNorm.bias', 'roberta.encoder.layer.4.output.LayerNorm.weight', 'roberta.encoder.layer.4.output.LayerNorm.bias', 'roberta.encoder.layer.5.attention.output.LayerNorm.weight', 'roberta.encoder.layer.5.attention.output.LayerNorm.bias', 'roberta.encoder.layer.5.output.LayerNorm.weight', 'roberta.encoder.layer.5.output.LayerNorm.bias', 'roberta.encoder.layer.6.attention.output.LayerNorm.weight', 'roberta.encoder.layer.6.attention.output.LayerNorm.bias', 'roberta.encoder.layer.6.output.LayerNorm.weight', 'roberta.encoder.layer.6.output.LayerNorm.bias', 'roberta.encoder.layer.7.attention.output.LayerNorm.weight', 'roberta.encoder.layer.7.attention.output.LayerNorm.bias', 'roberta.encoder.layer.7.output.LayerNorm.weight', 'roberta.encoder.layer.7.output.LayerNorm.bias', 'roberta.encoder.layer.8.attention.output.LayerNorm.weight', 'roberta.encoder.layer.8.attention.output.LayerNorm.bias', 'roberta.encoder.layer.8.output.LayerNorm.weight', 'roberta.encoder.layer.8.output.LayerNorm.bias', 'roberta.encoder.layer.9.attention.output.LayerNorm.weight', 'roberta.encoder.layer.9.attention.output.LayerNorm.bias', 'roberta.encoder.layer.9.output.LayerNorm.weight', 'roberta.encoder.layer.9.output.LayerNorm.bias', 'roberta.encoder.layer.10.attention.output.LayerNorm.weight', 'roberta.encoder.layer.10.attention.output.LayerNorm.bias', 'roberta.encoder.layer.10.output.LayerNorm.weight', 'roberta.encoder.layer.10.output.LayerNorm.bias', 'roberta.encoder.layer.11.attention.output.LayerNorm.weight', 'roberta.encoder.layer.11.attention.output.LayerNorm.bias', 'roberta.encoder.layer.11.output.LayerNorm.weight', 'roberta.encoder.layer.11.output.LayerNorm.bias'].
There were unexpected keys in the checkpoint model loaded: ['roberta.embeddings.LayerNorm.beta', 'roberta.embeddings.LayerNorm.gamma', 'roberta.encoder.layer.0.attention.output.LayerNorm.beta', 'roberta.encoder.layer.0.attention.output.LayerNorm.gamma', 'roberta.encoder.layer.0.output.LayerNorm.beta', 'roberta.encoder.layer.0.output.LayerNorm.gamma', 'roberta.encoder.layer.1.attention.output.LayerNorm.beta', 'roberta.encoder.layer.1.attention.output.LayerNorm.gamma', 'roberta.encoder.layer.1.output.LayerNorm.beta', 'roberta.encoder.layer.1.output.LayerNorm.gamma', 'roberta.encoder.layer.2.attention.output.LayerNorm.beta', 'roberta.encoder.layer.2.attention.output.LayerNorm.gamma', 'roberta.encoder.layer.2.output.LayerNorm.beta', 'roberta.encoder.layer.2.output.LayerNorm.gamma', 'roberta.encoder.layer.3.attention.output.LayerNorm.beta', 'roberta.encoder.layer.3.attention.output.LayerNorm.gamma', 'roberta.encoder.layer.3.output.LayerNorm.beta', 'roberta.encoder.layer.3.output.LayerNorm.gamma', 'roberta.encoder.layer.4.attention.output.LayerNorm.beta', 'roberta.encoder.layer.4.attention.output.LayerNorm.gamma', 'roberta.encoder.layer.4.output.LayerNorm.beta', 'roberta.encoder.layer.4.output.LayerNorm.gamma', 'roberta.encoder.layer.5.attention.output.LayerNorm.beta', 'roberta.encoder.layer.5.attention.output.LayerNorm.gamma', 'roberta.encoder.layer.5.output.LayerNorm.beta', 'roberta.encoder.layer.5.output.LayerNorm.gamma', 'roberta.encoder.layer.6.attention.output.LayerNorm.beta', 'roberta.encoder.layer.6.attention.output.LayerNorm.gamma', 'roberta.encoder.layer.6.output.LayerNorm.beta', 'roberta.encoder.layer.6.output.LayerNorm.gamma', 'roberta.encoder.layer.7.attention.output.LayerNorm.beta', 'roberta.encoder.layer.7.attention.output.LayerNorm.gamma', 'roberta.encoder.layer.7.output.LayerNorm.beta', 'roberta.encoder.layer.7.output.LayerNorm.gamma', 'roberta.encoder.layer.8.attention.output.LayerNorm.beta', 'roberta.encoder.layer.8.attention.output.LayerNorm.gamma', 'roberta.encoder.layer.8.output.LayerNorm.beta', 'roberta.encoder.layer.8.output.LayerNorm.gamma', 'roberta.encoder.layer.9.attention.output.LayerNorm.beta', 'roberta.encoder.layer.9.attention.output.LayerNorm.gamma', 'roberta.encoder.layer.9.output.LayerNorm.beta', 'roberta.encoder.layer.9.output.LayerNorm.gamma', 'roberta.encoder.layer.10.attention.output.LayerNorm.beta', 'roberta.encoder.layer.10.attention.output.LayerNorm.gamma', 'roberta.encoder.layer.10.output.LayerNorm.beta', 'roberta.encoder.layer.10.output.LayerNorm.gamma', 'roberta.encoder.layer.11.attention.output.LayerNorm.beta', 'roberta.encoder.layer.11.attention.output.LayerNorm.gamma', 'roberta.encoder.layer.11.output.LayerNorm.beta', 'roberta.encoder.layer.11.output.LayerNorm.gamma'].
[data] cached CSV files not found, loading w11wo/twitter_indonesia_sarcastic from HuggingFace
[compat] ignoring unsupported TrainingArguments kwargs: overwrite_output_dir
[run] output_dir=results/optimization/twitter-xlmr-base-lr1e-5-len256
[run] model_output_dir=models/optimization/twitter-xlmr-base-lr1e-5-len256
[run] table_path=results/tables/optimization_runs.csv
{'loss': '0.5622', 'grad_norm': '4.843', 'learning_rate': '9.998e-06', 'epoch': '1'}
{'eval_loss': '0.5163', 'eval_accuracy': '0.75', 'eval_precision': '0', 'eval_recall': '0', 'eval_f1': '0', 'eval_runtime': '0.9246', 'eval_samples_per_second': '289.9', 'eval_steps_per_second': '5.408', 'epoch': '1'}
{'loss': '0.5164', 'grad_norm': '3.168', 'learning_rate': '9.99e-06', 'epoch': '2'}
{'eval_loss': '0.48', 'eval_accuracy': '0.75', 'eval_precision': '0', 'eval_recall': '0', 'eval_f1': '0', 'eval_runtime': '0.9515', 'eval_samples_per_second': '281.7', 'eval_steps_per_second': '5.255', 'epoch': '2'}
{'loss': '0.4596', 'grad_norm': '8.514', 'learning_rate': '9.978e-06', 'epoch': '3'}
{'eval_loss': '0.4321', 'eval_accuracy': '0.806', 'eval_precision': '0.619', 'eval_recall': '0.5821', 'eval_f1': '0.6', 'eval_runtime': '0.969', 'eval_samples_per_second': '276.6', 'eval_steps_per_second': '5.16', 'epoch': '3'}
{'loss': '0.3957', 'grad_norm': '10.69', 'learning_rate': '9.961e-06', 'epoch': '4'}
{'eval_loss': '0.4028', 'eval_accuracy': '0.8321', 'eval_precision': '0.8438', 'eval_recall': '0.403', 'eval_f1': '0.5455', 'eval_runtime': '0.9498', 'eval_samples_per_second': '282.2', 'eval_steps_per_second': '5.264', 'epoch': '4'}
{'loss': '0.3401', 'grad_norm': '28.56', 'learning_rate': '9.939e-06', 'epoch': '5'}
{'eval_loss': '0.4016', 'eval_accuracy': '0.8507', 'eval_precision': '0.8462', 'eval_recall': '0.4925', 'eval_f1': '0.6226', 'eval_runtime': '1.003', 'eval_samples_per_second': '267.3', 'eval_steps_per_second': '4.987', 'epoch': '5'}
{'loss': '0.277', 'grad_norm': '19.5', 'learning_rate': '9.912e-06', 'epoch': '6'}
{'eval_loss': '0.4273', 'eval_accuracy': '0.8396', 'eval_precision': '0.8529', 'eval_recall': '0.4328', 'eval_f1': '0.5743', 'eval_runtime': '0.9554', 'eval_samples_per_second': '280.5', 'eval_steps_per_second': '5.234', 'epoch': '6'}
{'loss': '0.1997', 'grad_norm': '17.84', 'learning_rate': '9.88e-06', 'epoch': '7'}
{'eval_loss': '0.4404', 'eval_accuracy': '0.8396', 'eval_precision': '0.65', 'eval_recall': '0.7761', 'eval_f1': '0.7075', 'eval_runtime': '1.025', 'eval_samples_per_second': '261.4', 'eval_steps_per_second': '4.877', 'epoch': '7'}
{'loss': '0.1493', 'grad_norm': '63.12', 'learning_rate': '9.844e-06', 'epoch': '8'}
{'eval_loss': '0.639', 'eval_accuracy': '0.8321', 'eval_precision': '0.8235', 'eval_recall': '0.4179', 'eval_f1': '0.5545', 'eval_runtime': '0.953', 'eval_samples_per_second': '281.2', 'eval_steps_per_second': '5.247', 'epoch': '8'}
{'loss': '0.1322', 'grad_norm': '2.09', 'learning_rate': '9.802e-06', 'epoch': '9'}
{'eval_loss': '0.7683', 'eval_accuracy': '0.8396', 'eval_precision': '0.875', 'eval_recall': '0.4179', 'eval_f1': '0.5657', 'eval_runtime': '0.9481', 'eval_samples_per_second': '282.7', 'eval_steps_per_second': '5.274', 'epoch': '9'}
{'loss': '0.1175', 'grad_norm': '6.948', 'learning_rate': '9.756e-06', 'epoch': '10'}
{'eval_loss': '0.5408', 'eval_accuracy': '0.8881', 'eval_precision': '0.8033', 'eval_recall': '0.7313', 'eval_f1': '0.7656', 'eval_runtime': '1.009', 'eval_samples_per_second': '265.5', 'eval_steps_per_second': '4.953', 'epoch': '10'}
{'loss': '0.08334', 'grad_norm': '77.38', 'learning_rate': '9.705e-06', 'epoch': '11'}
{'eval_loss': '0.6309', 'eval_accuracy': '0.8731', 'eval_precision': '0.7705', 'eval_recall': '0.7015', 'eval_f1': '0.7344', 'eval_runtime': '0.9748', 'eval_samples_per_second': '274.9', 'eval_steps_per_second': '5.129', 'epoch': '11'}
{'loss': '0.06739', 'grad_norm': '0.2438', 'learning_rate': '9.65e-06', 'epoch': '12'}
{'eval_loss': '0.8778', 'eval_accuracy': '0.8545', 'eval_precision': '0.7692', 'eval_recall': '0.597', 'eval_f1': '0.6723', 'eval_runtime': '1.046', 'eval_samples_per_second': '256.3', 'eval_steps_per_second': '4.782', 'epoch': '12'}
{'loss': '0.0503', 'grad_norm': '62.65', 'learning_rate': '9.59e-06', 'epoch': '13'}
{'eval_loss': '0.9051', 'eval_accuracy': '0.8619', 'eval_precision': '0.7679', 'eval_recall': '0.6418', 'eval_f1': '0.6992', 'eval_runtime': '0.9593', 'eval_samples_per_second': '279.4', 'eval_steps_per_second': '5.212', 'epoch': '13'}
{'train_runtime': '2113', 'train_samples_per_second': '88.87', 'train_steps_per_second': '2.792', 'train_loss': '0.2578', 'epoch': '13'}
{
  "run_id": "twitter-xlmr-base-lr1e-5-len256",
  "dataset": "twitter",
  "model_alias": "xlmr-base",
  "model_name": "xlm-roberta-base",
  "selected_threshold": 0.5,
  "validation_default_f1": 0.7656,
  "validation_tuned_f1": 0.7656,
  "test_default_accuracy": 0.855,
  "test_default_precision": 0.7295,
  "test_default_recall": 0.6642,
  "test_default_f1": 0.6953,
  "test_tuned_accuracy": 0.855,
  "test_tuned_precision": 0.7295,
  "test_tuned_recall": 0.6642,
  "test_tuned_f1": 0.6953,
  "delta_f1": 0.0,
  "learning_rate": 1e-05,
  "lr_scheduler_type": "cosine",
  "epochs": 100.0,
  "batch_size": 32,
  "eval_batch_size": 64,
  "max_length": 256,
  "weight_decay": 0.03,
  "label_smoothing_factor": 0.0,
  "pad_to_max_length": true,
  "shuffle_train_dataset": true,
  "early_stopping_patience": 3,
  "early_stopping_threshold": 0.01,
  "seed": 42,
  "fp16": true,
  "gradient_accumulation_steps": 1,
  "gradient_checkpointing": false,
  "auto_find_batch_size": false,
  "max_train_samples": null,
  "max_eval_samples": null,
  "max_predict_samples": null,
  "sample_limited": false
}
